
> bella@1.0.0 start
> http-server -p 8081 -c-1 --cors --headers='{"Cross-Origin-Opener-Policy": "same-origin", "Cross-Origin-Embedder-Policy": "require-corp"}'

Starting up http-server, serving ./

http-server version: 14.1.1

http-server settings:
CORS: true
Cache: -1 seconds
Connection Timeout: 120 seconds
Directory Listings: visible
AutoIndex: visible
Serve GZIP Files: false
Serve Brotli Files: false
Default File Extension: none

Available on:
  http://127.0.0.1:8081
  http://192.168.0.2:8081
Hit CTRL-C to stop the server

[2026-03-31T00:21:20.595Z]  "GET /index.html" "Mozilla/5.0 (X11; Linux x86_64) AppleWebKit/537.36 (KHTML, like Gecko) HeadlessChrome/145.0.7632.6 Safari/537.36"
(node:4627) [DEP0066] DeprecationWarning: OutgoingMessage.prototype._headers is deprecated
(Use `node --trace-deprecation ...` to show where the warning was created)
[2026-03-31T00:21:20.757Z]  "GET /style.css" "Mozilla/5.0 (X11; Linux x86_64) AppleWebKit/537.36 (KHTML, like Gecko) HeadlessChrome/145.0.7632.6 Safari/537.36"
[2026-03-31T00:21:20.861Z]  "GET /chatStyles.css" "Mozilla/5.0 (X11; Linux x86_64) AppleWebKit/537.36 (KHTML, like Gecko) HeadlessChrome/145.0.7632.6 Safari/537.36"
[2026-03-31T00:21:20.904Z]  "GET /Bellaicon/Generated%20image.webp" "Mozilla/5.0 (X11; Linux x86_64) AppleWebKit/537.36 (KHTML, like Gecko) HeadlessChrome/145.0.7632.6 Safari/537.36"
[2026-03-31T00:21:20.933Z]  "GET /core.js" "Mozilla/5.0 (X11; Linux x86_64) AppleWebKit/537.36 (KHTML, like Gecko) HeadlessChrome/145.0.7632.6 Safari/537.36"
[2026-03-31T00:21:20.935Z]  "GET /chatInterface.js" "Mozilla/5.0 (X11; Linux x86_64) AppleWebKit/537.36 (KHTML, like Gecko) HeadlessChrome/145.0.7632.6 Safari/537.36"
[2026-03-31T00:21:20.937Z]  "GET /script.js" "Mozilla/5.0 (X11; Linux x86_64) AppleWebKit/537.36 (KHTML, like Gecko) HeadlessChrome/145.0.7632.6 Safari/537.36"
[2026-03-31T00:21:21.160Z]  "GET /%E8%A7%86%E9%A2%91%E8%B5%84%E6%BA%90/3D%20%E5%BB%BA%E6%A8%A1%E5%9B%BE%E7%89%87%E5%88%B6%E4%BD%9C.mp4" "Mozilla/5.0 (X11; Linux x86_64) AppleWebKit/537.36 (KHTML, like Gecko) HeadlessChrome/145.0.7632.6 Safari/537.36"
[2026-03-31T00:21:21.238Z]  "GET /vendor/transformers.js" "Mozilla/5.0 (X11; Linux x86_64) AppleWebKit/537.36 (KHTML, like Gecko) HeadlessChrome/145.0.7632.6 Safari/537.36"
[2026-03-31T00:21:21.269Z]  "GET /cloudAPI.js" "Mozilla/5.0 (X11; Linux x86_64) AppleWebKit/537.36 (KHTML, like Gecko) HeadlessChrome/145.0.7632.6 Safari/537.36"
[2026-03-31T00:21:22.073Z]  "GET /models/Xenova/LaMini-Flan-T5-77M/tokenizer.json" "Mozilla/5.0 (X11; Linux x86_64) AppleWebKit/537.36 (KHTML, like Gecko) HeadlessChrome/145.0.7632.6 Safari/537.36"
[2026-03-31T00:21:22.073Z]  "GET /models/Xenova/LaMini-Flan-T5-77M/tokenizer_config.json" "Mozilla/5.0 (X11; Linux x86_64) AppleWebKit/537.36 (KHTML, like Gecko) HeadlessChrome/145.0.7632.6 Safari/537.36"
[2026-03-31T00:21:22.074Z]  "GET /models/Xenova/LaMini-Flan-T5-77M/config.json" "Mozilla/5.0 (X11; Linux x86_64) AppleWebKit/537.36 (KHTML, like Gecko) HeadlessChrome/145.0.7632.6 Safari/537.36"
[2026-03-31T00:21:22.303Z]  "GET /models/Xenova/LaMini-Flan-T5-77M/onnx/encoder_model_quantized.onnx" "Mozilla/5.0 (X11; Linux x86_64) AppleWebKit/537.36 (KHTML, like Gecko) HeadlessChrome/145.0.7632.6 Safari/537.36"
[2026-03-31T00:21:22.304Z]  "GET /models/Xenova/LaMini-Flan-T5-77M/onnx/decoder_model_merged_quantized.onnx" "Mozilla/5.0 (X11; Linux x86_64) AppleWebKit/537.36 (KHTML, like Gecko) HeadlessChrome/145.0.7632.6 Safari/537.36"
[2026-03-31T00:21:22.305Z]  "GET /models/Xenova/LaMini-Flan-T5-77M/generation_config.json" "Mozilla/5.0 (X11; Linux x86_64) AppleWebKit/537.36 (KHTML, like Gecko) HeadlessChrome/145.0.7632.6 Safari/537.36"
[2026-03-31T00:21:23.396Z]  "GET /models/Xenova/whisper-asr/tokenizer.json" "Mozilla/5.0 (X11; Linux x86_64) AppleWebKit/537.36 (KHTML, like Gecko) HeadlessChrome/145.0.7632.6 Safari/537.36"
[2026-03-31T00:21:23.397Z]  "GET /models/Xenova/whisper-asr/tokenizer_config.json" "Mozilla/5.0 (X11; Linux x86_64) AppleWebKit/537.36 (KHTML, like Gecko) HeadlessChrome/145.0.7632.6 Safari/537.36"
[2026-03-31T00:21:23.398Z]  "GET /models/Xenova/whisper-asr/tokenizer.json" Error (404): "Not found"
[2026-03-31T00:21:23.399Z]  "GET /models/Xenova/whisper-asr/tokenizer_config.json" Error (404): "Not found"
[2026-03-31T00:21:27.231Z]  "GET /%E8%A7%86%E9%A2%91%E8%B5%84%E6%BA%90/jimeng-2025-07-16-4437-%E6%AF%94%E8%80%B6%EF%BC%8C%E7%84%B6%E5%90%8E%E5%BE%AE%E7%AC%91%E7%9D%80%E4%BC%98%E9%9B%85%E7%9A%84%E5%B7%A6%E5%8F%B3%E6%91%87%E6%99%83.mp4" "Mozilla/5.0 (X11; Linux x86_64) AppleWebKit/537.36 (KHTML, like Gecko) HeadlessChrome/145.0.7632.6 Safari/537.36"
[2026-03-31T00:21:28.513Z]  "GET /test-chat.html" "Mozilla/5.0 (X11; Linux x86_64) AppleWebKit/537.36 (KHTML, like Gecko) HeadlessChrome/145.0.7632.6 Safari/537.36"
[2026-03-31T00:21:28.549Z]  "GET /chatStyles.css" "Mozilla/5.0 (X11; Linux x86_64) AppleWebKit/537.36 (KHTML, like Gecko) HeadlessChrome/145.0.7632.6 Safari/537.36"
[2026-03-31T00:21:28.549Z]  "GET /chatInterface.js" "Mozilla/5.0 (X11; Linux x86_64) AppleWebKit/537.36 (KHTML, like Gecko) HeadlessChrome/145.0.7632.6 Safari/537.36"
